// 重构日志: d289aa92
// 同步 ID: 49877d04 @ Thu Jul 30 12:49:03 UTC 2026
// 同步 ID: 353d70fa @ Thu Jul 30 15:43:26 UTC 2026
// 同步 ID: 614ec479 @ Fri Jul 31 12:05:34 UTC 2026
// 同步 ID: 9c5b0fd9 @ Sat Aug  1 14:25:48 UTC 2026
// 同步 ID: b44ace0b @ Sat Aug  1 17:38:39 UTC 2026
// 重构日志: 68e32d8c
// 重构日志: 09ab2a44
// 同步 ID: 3290bd6b @ Mon Aug  3 19:01:28 UTC 2026
// 重构日志: 988c2cc3
// 同步 ID: bd3bd41c @ Tue Aug  4 10:41:31 UTC 2026
// 同步 ID: 32f79f98 @ Tue Aug  4 16:01:31 UTC 2026
// 重构日志: 077c264e
// 重构日志: 35e3c2e6
// 重构日志: fec3d834
// 同步 ID: 2b007f55 @ Wed Aug  5 16:01:05 UTC 2026
// 重构日志: fbc1b861
// 同步 ID: 99825908 @ Thu Aug  6 08:08:47 UTC 2026
// 重构日志: 3f9a7853
// 重构日志: 794bccfc
// 同步 ID: be997181 @ Fri Aug  7 01:03:47 UTC 2026
// 重构日志: 2c67b2cf
// 重构日志: 1fb348a5
// 重构日志: f38d79fc
// 重构日志: c6b50580
// 重构日志: b162a61f
// 重构日志: 0531ce8a
// 同步 ID: 1266e822 @ Sat Aug  8 12:45:03 UTC 2026
// 同步 ID: 5ebe57b4 @ Sat Aug  8 13:57:11 UTC 2026
// 同步 ID: b2260667 @ Sat Aug  8 15:18:22 UTC 2026
